[get-tvidler.com/index.html]
[backblue.gif]
[fade.gif]
[index.html]
[get-tvidler.com/theme/images/tvidler/favicon_c4ca.png]
[get-tvidler.com/css/theme.rtlfe1d.css]
[get-tvidler.com/css/tvidler/main.rtldb09.css]
[get-tvidler.com/js/manifest75f9.js]
[get-tvidler.com/js/vendor52b8.js]
[get-tvidler.com/js/theme801a.js]
[get-tvidler.com/index.html]
[get-tvidler.com/js/alpine3ecf.js]
[get-tvidler.com/images/vendor/intl-tel-input/build/flags11db.png]
[get-tvidler.com/images/vendor/intl-tel-input/build/flags@2x00a3.png]
[get-tvidler.com/fonts/montserrat/montserrat-black-webfont.woff2]
[get-tvidler.com/fonts/montserrat/montserrat-black-webfont.woff]
[get-tvidler.com/fonts/montserrat/montserrat-extrabold-webfont.woff2]
[get-tvidler.com/fonts/montserrat/montserrat-extrabold-webfont.woff]
[get-tvidler.com/fonts/montserrat/montserrat-bold-webfont.woff2]
[get-tvidler.com/fonts/montserrat/montserrat-bold-webfont.woff]
[get-tvidler.com/fonts/montserrat/montserrat-semibold-webfont.woff2]
[get-tvidler.com/fonts/montserrat/montserrat-semibold-webfont.woff]
[get-tvidler.com/fonts/montserrat/montserrat-medium-webfont.woff2]
[get-tvidler.com/fonts/montserrat/montserrat-medium-webfont.woff]
[get-tvidler.com/fonts/montserrat/montserrat-regular-webfont.woff2]
[get-tvidler.com/fonts/montserrat/montserrat-regular-webfont.woff]
[get-tvidler.com/fonts/montserrat/montserrat-light-webfont.woff2]
[get-tvidler.com/fonts/montserrat/montserrat-light-webfont.woff]
[get-tvidler.com/fonts/montserrat/montserrat-extralight-webfont.woff2]
[get-tvidler.com/fonts/montserrat/montserrat-extralight-webfont.woff]
[get-tvidler.com/fonts/montserrat/montserrat-thin-webfont.woff2]
[get-tvidler.com/fonts/montserrat/montserrat-thin-webfont.woff]
[get-tvidler.com/theme/images/warranty2.png]
[get-tvidler.com/theme/images/red-arrow-right.png]
[get-tvidler.com/theme/images/spinner-1s-200px.svg]
[get-tvidler.com/theme/images/klarna/klarna.svg]
[get-tvidler.com/images/extra/badge-green.svg]
[get-tvidler.com/theme/images/ico-phone.svg]
[get-tvidler.com/images/extra/badge.svg]
[get-tvidler.com/theme/instant-translator/order-warranty/images/ico-checlist.png]
[get-tvidler.com/theme/instant-translator/order-warranty/images/ico-cancel.png]
[get-tvidler.com/theme/images/ico-down.svg]
[get-tvidler.com/theme/images/bg-tach-b.svg]
[get-tvidler.com/theme/images/bg-tech.svg]
[get-tvidler.com/theme/images/ico-r.svg]
[get-tvidler.com/theme/images/ico-d.svg]
[get-tvidler.com/theme/images/ico-rr.svg]
[get-tvidler.com/theme/images/ico-play.svg]
[get-tvidler.com/theme/images/bg-acts.jpg]
[get-tvidler.com/theme/images/bg-acts-m@2x.jpg]
[get-tvidler.com/theme/images/bg-acts@2x.jpg]
[get-tvidler.com/theme/images/bg-apps.png]
[get-tvidler.com/theme/images/bg-apps@2x.png]
[get-tvidler.com/theme/images/bg-tran.svg]
[get-tvidler.com/theme/images/bg-tran-m.svg]
[get-tvidler.com/images/reviews/header-bg.jpg]
[get-tvidler.com/css/theme.rtlfe1d.css]
[get-tvidler.com/theme/images/footer/emails.svg]
[get-tvidler.com/theme/images/footer/phone.svg]
[get-tvidler.com/theme/images/footer/time.svg]
[get-tvidler.com/theme/gadgets/tvidler/bg.jpg]
[get-tvidler.com/theme/components/cod-banner-2/nuubu.jpg]
[get-tvidler.com/sales/c2022/header-bg.jpg]
[get-tvidler.com/sales/c2022/header-bg-tablet.jpg]
[get-tvidler.com/sales/c2022/header-bg-mobile.jpg]
[get-tvidler.com/sales/c2022/klaudena-header-bg.jpg]
[get-tvidler.com/sales/c2022/klaudena-header-bg-tablet.jpg]
[get-tvidler.com/images/tracking/header-bg.jpg]
[get-tvidler.com/theme/tvidler/order/images/bg-header.jpg]
[get-tvidler.com/theme/tvidler/order/images/bg-header-mobile.jpg]
[get-tvidler.com/theme/tvidler/order/images/bg-header-2.jpg]
[get-tvidler.com/theme/tvidler/product/images/bg-hero-circle.png]
[get-tvidler.com/theme/tvidler/product/images/bg-properties.jpg]
[get-tvidler.com/theme/tvidler/product/images/reusable-included-bg.jpg]
[get-tvidler.com/theme/tvidler/product/images/bg-promote.jpg]
[get-tvidler.com/theme/tvidler/product/images/bg-promote-mobile.jpg]
[get-tvidler.com/theme/tvidler/product/images/patented.jpg]
[get-tvidler.com/theme/tvidler/product/images/patented3.jpg]
[get-tvidler.com/theme/tvidler/product-2/header-bg.svg]
[get-tvidler.com/theme/tvidler/product-2/friendly-bg-2.png]
[get-tvidler.com/theme/tvidler/product-4/header-bg-mobile.jpg]
[get-tvidler.com/theme/tvidler/product-4/patented-bg.jpg]
[get-tvidler.com/theme/tvidler/product-4/did-you-know-bg-mobile.jpg]
[get-tvidler.com/theme/upsells/get-tvidler/images/bg-headerc4ca.jpg]
[get-tvidler.com/theme/upsells/get-tvidler/images/bg-header-mobile.jpg]
[get-tvidler.com/theme/tvidler-heads/product/bg.jpg]
[get-tvidler.com/theme/tvidler-handle/product/bg.jpg]
[get-tvidler.com/theme/melzu-foot/upsells/melzu-lavender-foot-masks/bg-header.jpg]
[get-tvidler.com/theme/melzu-foot/upsells/melzu-lavender-foot-masks/bg-header-mobile.jpg]
[get-tvidler.com/theme/melzu-foot/upsells/melzu-lavender-foot-masks/bg-about.jpg]
[get-tvidler.com/theme/melzu-foot/upsells/melzu-lavender-foot-masks/bg-about-mobile.jpg]
[get-tvidler.com/css/tvidler/main.rtldb09.css]
[get-tvidler.com/theme/images/spinner-1s-200px.svg]
[get-tvidler.com/theme/images/klarna/klarna.svg]
[get-tvidler.com/images/extra/badge-green.svg]
[get-tvidler.com/theme/images/ico-phone.html]
[get-tvidler.com/images/extra/badge.svg]
[get-tvidler.com/theme/images/ico-down.svg]
[get-tvidler.com/theme/images/bg-tach-b.svg]
[get-tvidler.com/theme/images/bg-tech.svg]
[get-tvidler.com/theme/images/ico-r.svg]
[get-tvidler.com/theme/images/ico-d.svg]
[get-tvidler.com/theme/images/ico-rr.svg]
[get-tvidler.com/theme/images/ico-play.svg]
[get-tvidler.com/theme/images/bg-tran.svg]
[get-tvidler.com/theme/images/bg-tran-m.svg]
[get-tvidler.com/theme/images/footer/emails.svg]
[get-tvidler.com/theme/images/footer/phone.svg]
[get-tvidler.com/theme/images/footer/time.svg]
[get-tvidler.com/theme/tvidler/product-2/header-bg.svg]
